  CO1 product 0: confirmed_product
  18S product 0: confirmed_product
  28S_1 product 0: split_or_chimeric_alignment
  ITS_2 product 0: confirmed_product
  28S_2 product 0: ambiguous_gene
  CO1 product 0: confirmed_product
  18S product 0: confirmed_product
  28S_1 product 0: split_or_chimeric_alignment
  ITS_2 product 0: confirmed_product
  28S_2 product 0: ambiguous_gene
  CO1 product 0: confirmed_product
  18S product 0: confirmed_product
  28S_1 product 0: split_or_chimeric_alignment
  ITS_2 product 0: confirmed_product
  28S_2 product 0: ambiguous_gene
  mt-3734-6739 product 0: confirmed_product
  mt-6511-9220 product 0: confirmed_product
  mt-8910-10648 product 0: confirmed_product
  mt-10360-12226 product 0: confirmed_product
  mt-14898-151 product 0: confirmed_product
  mt-3734-6739 product 0: confirmed_product
  mt-6511-9220 product 0: confirmed_product
  mt-8910-10648 product 0: confirmed_product
  mt-10360-12226 product 0: confirmed_product
  mt-14898-151 product 0: confirmed_product
  mt-3734-6739 product 0: confirmed_product
  mt-6511-9220 product 0: confirmed_product
  mt-8910-10648 product 0: confirmed_product
  mt-10360-12226 product 0: confirmed_product
  mt-14898-151 product 0: confirmed_product
  12S product 0: no_significant_hit
  16S_1 product 0: ambiguous_gene
  CO1_1 product 0: insufficient_alignment
  CO1_1 product 1: insufficient_alignment
  CO2_1 product 0: no_significant_hit
  CytB product 0: confirmed_product
  ND1 product 0: no_significant_hit
  ND4 product 0: confirmed_product
  ND5 product 0: insufficient_alignment
  16S_2 product 0: confirmed_product
  CO1_2 product 0: insufficient_alignment
  NADH product 0: confirmed_product
  Yp2 product 0: no_significant_hit
  Yp2 product 1: no_significant_hit
  Yp2 product 2: no_significant_hit
  Yp2 product 3: no_significant_hit
  Yp2 product 4: no_significant_hit
  Yp2 product 5: no_significant_hit
  Yp2 product 6: no_significant_hit
  Yp2 product 7: no_significant_hit
  Yp2 product 8: no_significant_hit
  Yp2 product 9: no_significant_hit
  Yp2 product 10: no_significant_hit
  Yp2 product 11: no_significant_hit
  Yp2 product 12: no_significant_hit
  Yp2 product 13: no_significant_hit
  Yp2 product 14: no_significant_hit
  ITS_2 product 0: confirmed_product
  12S product 0: no_significant_hit
  16S_1 product 0: ambiguous_gene
  CO1_1 product 0: insufficient_alignment
  CO1_1 product 1: insufficient_alignment
  CO2_1 product 0: no_significant_hit
  CytB product 0: confirmed_product
  ND1 product 0: no_significant_hit
  ND4 product 0: confirmed_product
  ND5 product 0: insufficient_alignment
  16S_2 product 0: confirmed_product
  CO1_2 product 0: insufficient_alignment
  NADH product 0: confirmed_product
  Yp2 product 0: no_significant_hit
  Yp2 product 1: no_significant_hit
  Yp2 product 2: no_significant_hit
  Yp2 product 3: no_significant_hit
  Yp2 product 4: no_significant_hit
  Yp2 product 5: no_significant_hit
  Yp2 product 6: no_significant_hit
  Yp2 product 7: no_significant_hit
  Yp2 product 8: no_significant_hit
  Yp2 product 9: no_significant_hit
  Yp2 product 10: no_significant_hit
  Yp2 product 11: no_significant_hit
  Yp2 product 12: no_significant_hit
  Yp2 product 13: no_significant_hit
  Yp2 product 14: no_significant_hit
  ITS_2 product 0: confirmed_product
  12S product 0: no_significant_hit
  16S_1 product 0: ambiguous_gene
  CO1_1 product 0: insufficient_alignment
  CO1_1 product 1: insufficient_alignment
  CO2_1 product 0: no_significant_hit
  CytB product 0: confirmed_product
  ND1 product 0: no_significant_hit
  ND4 product 0: confirmed_product
  ND5 product 0: insufficient_alignment
  16S_2 product 0: confirmed_product
  CO1_2 product 0: insufficient_alignment
  NADH product 0: confirmed_product
  Yp2 product 0: no_significant_hit
  Yp2 product 1: no_significant_hit
  Yp2 product 2: no_significant_hit
  Yp2 product 3: no_significant_hit
  Yp2 product 4: no_significant_hit
  Yp2 product 5: no_significant_hit
  Yp2 product 6: no_significant_hit
  Yp2 product 7: no_significant_hit
  Yp2 product 8: no_significant_hit
  Yp2 product 9: no_significant_hit
  Yp2 product 10: no_significant_hit
  Yp2 product 11: no_significant_hit
  Yp2 product 12: no_significant_hit
  Yp2 product 13: no_significant_hit
  Yp2 product 14: no_significant_hit
  ITS_2 product 0: confirmed_product
  16S-341F-785R product 0: no_reference
  16S-341F-785R product 1: no_reference
  16S-341F-785R product 2: no_reference
  16S-341F-785R product 3: no_reference
  16S-341F-785R product 4: no_reference
  16S-341F-785R product 5: no_reference
  16S-341F-785R product 6: no_reference
  16S-341F-785R product 7: no_reference
  16S-341F-785R product 8: no_reference
  16S-341F-785R product 9: no_reference
  16S-341F-785R product 10: no_reference
  16S-341F-785R product 11: no_reference
  16S-341F-785R product 12: no_reference
  16S-341F-785R product 13: no_reference
  16S-PRK341F-PRK806R product 0: no_reference
  16S-PRK341F-PRK806R product 1: no_reference
  16S-515F-806R product 0: no_reference
  16S-515F-806RB product 0: no_reference
  16S-68F-783Rabc product 0: no_reference
  16S-68F-783Rabc product 1: no_reference
  16S-68F-783Rabc product 2: no_reference
  16S-68F-783Rabc product 3: no_reference
  16S-68F-783Rabc product 4: no_reference
  16S-68F-783Rabc product 5: no_reference
  16S-68F-783Rabc product 6: no_reference
  16S-68F-783Rabc product 7: no_reference
  16S-68F-783Rabc product 8: no_reference
  16S-68F-783Rabc product 9: no_reference
  16S-68F-783Rabc product 10: no_reference
  16S-68F-783Rabc product 11: no_reference
  16S-68F-783Rabc product 12: no_reference
  16S-68F-783Rabc product 13: no_reference
  16S-68F-783Rabc product 14: no_reference
  16S-68F-783Rabc product 15: no_reference
  16S-68F-783Rabc product 16: no_reference
  16S-68F-783Rabc product 17: no_reference
  16S-68F-783Rabc product 18: no_reference
  16S-68F-783Rabc product 19: no_reference
  16S-341F-783Rabc product 0: no_reference
  16S-341F-783Rabc product 1: no_reference
  16S-341F-783Rabc product 2: no_reference
  16S-341F-783Rabc product 3: no_reference
  16S-341F-783Rabc product 4: no_reference
  16S-341F-783Rabc product 5: no_reference
  16S-341F-783Rabc product 6: no_reference
  16S-341F-783Rabc product 7: no_reference
  16S-341F-783Rabc product 8: no_reference
  16S-341F-783Rabc product 9: no_reference
  16S-341F-783Rabc product 10: no_reference
  16S-341F-785R product 0: no_reference
  16S-341F-785R product 1: no_reference
  16S-341F-785R product 2: no_reference
  16S-341F-785R product 3: no_reference
  16S-341F-785R product 4: no_reference
  16S-341F-785R product 5: no_reference
  16S-341F-785R product 6: no_reference
  16S-341F-785R product 7: no_reference
  16S-341F-785R product 8: no_reference
  16S-341F-785R product 9: no_reference
  16S-341F-785R product 10: no_reference
  16S-341F-785R product 11: no_reference
  16S-341F-785R product 12: no_reference
  16S-341F-785R product 13: no_reference
  16S-PRK341F-PRK806R product 0: no_reference
  16S-PRK341F-PRK806R product 1: no_reference
  16S-515F-806R product 0: no_reference
  16S-515F-806RB product 0: no_reference
  16S-68F-783Rabc product 0: no_reference
  16S-68F-783Rabc product 1: no_reference
  16S-68F-783Rabc product 2: no_reference
  16S-68F-783Rabc product 3: no_reference
  16S-68F-783Rabc product 4: no_reference
  16S-68F-783Rabc product 5: no_reference
  16S-68F-783Rabc product 6: no_reference
  16S-68F-783Rabc product 7: no_reference
  16S-68F-783Rabc product 8: no_reference
  16S-68F-783Rabc product 9: no_reference
  16S-68F-783Rabc product 10: no_reference
  16S-68F-783Rabc product 11: no_reference
  16S-68F-783Rabc product 12: no_reference
  16S-68F-783Rabc product 13: no_reference
  16S-68F-783Rabc product 14: no_reference
  16S-68F-783Rabc product 15: no_reference
  16S-68F-783Rabc product 16: no_reference
  16S-68F-783Rabc product 17: no_reference
  16S-68F-783Rabc product 18: no_reference
  16S-68F-783Rabc product 19: no_reference
  16S-341F-783Rabc product 0: no_reference
  16S-341F-783Rabc product 1: no_reference
  16S-341F-783Rabc product 2: no_reference
  16S-341F-783Rabc product 3: no_reference
  16S-341F-783Rabc product 4: no_reference
  16S-341F-783Rabc product 5: no_reference
  16S-341F-783Rabc product 6: no_reference
  16S-341F-783Rabc product 7: no_reference
  16S-341F-783Rabc product 8: no_reference
  16S-341F-783Rabc product 9: no_reference
  16S-341F-783Rabc product 10: no_reference
  16S-341F-785R product 0: no_reference
  16S-341F-785R product 1: no_reference
  16S-341F-785R product 2: no_reference
  16S-341F-785R product 3: no_reference
  16S-341F-785R product 4: no_reference
  16S-341F-785R product 5: no_reference
  16S-341F-785R product 6: no_reference
  16S-341F-785R product 7: no_reference
  16S-341F-785R product 8: no_reference
  16S-341F-785R product 9: no_reference
  16S-341F-785R product 10: no_reference
  16S-341F-785R product 11: no_reference
  16S-341F-785R product 12: no_reference
  16S-341F-785R product 13: no_reference
  16S-PRK341F-PRK806R product 0: no_reference
  16S-PRK341F-PRK806R product 1: no_reference
  16S-515F-806R product 0: no_reference
  16S-515F-806RB product 0: no_reference
  16S-68F-783Rabc product 0: no_reference
  16S-68F-783Rabc product 1: no_reference
  16S-68F-783Rabc product 2: no_reference
  16S-68F-783Rabc product 3: no_reference
  16S-68F-783Rabc product 4: no_reference
  16S-68F-783Rabc product 5: no_reference
  16S-68F-783Rabc product 6: no_reference
  16S-68F-783Rabc product 7: no_reference
  16S-68F-783Rabc product 8: no_reference
  16S-68F-783Rabc product 9: no_reference
  16S-68F-783Rabc product 10: no_reference
  16S-68F-783Rabc product 11: no_reference
  16S-68F-783Rabc product 12: no_reference
  16S-68F-783Rabc product 13: no_reference
  16S-68F-783Rabc product 14: no_reference
  16S-68F-783Rabc product 15: no_reference
  16S-68F-783Rabc product 16: no_reference
  16S-68F-783Rabc product 17: no_reference
  16S-68F-783Rabc product 18: no_reference
  16S-68F-783Rabc product 19: no_reference
  16S-341F-783Rabc product 0: no_reference
  16S-341F-783Rabc product 1: no_reference
  16S-341F-783Rabc product 2: no_reference
  16S-341F-783Rabc product 3: no_reference
  16S-341F-783Rabc product 4: no_reference
  16S-341F-783Rabc product 5: no_reference
  16S-341F-783Rabc product 6: no_reference
  16S-341F-783Rabc product 7: no_reference
  16S-341F-783Rabc product 8: no_reference
  16S-341F-783Rabc product 9: no_reference
  16S-341F-783Rabc product 10: no_reference
  16S-341F-785R product 0: no_reference
  16S-341F-785R product 1: no_reference
  16S-341F-785R product 2: no_reference
  16S-341F-785R product 3: no_reference
  16S-341F-785R product 4: no_reference
  16S-PRK341F-PRK806R product 0: no_reference
  16S-PRK341F-PRK806R product 1: no_reference
  16S-PRK341F-PRK806R product 2: no_reference
  16S-PRK341F-PRK806R product 3: no_reference
  16S-PRK341F-PRK806R product 4: no_reference
  16S-PRK341F-PRK806R product 5: no_reference
  16S-PRK341F-PRK806R product 6: no_reference
  16S-PRK341F-PRK806R product 7: no_reference
  16S-PRK341F-PRK806R product 8: no_reference
  16S-PRK341F-PRK806R product 9: no_reference
  16S-PRK341F-PRK806R product 10: no_reference
  16S-PRK341F-PRK806R product 11: no_reference
  16S-PRK341F-PRK806R product 12: no_reference
  16S-PRK341F-PRK806R product 13: no_reference
  16S-PRK341F-PRK806R product 14: no_reference
  16S-PRK341F-PRK806R product 15: no_reference
  16S-PRK341F-PRK806R product 16: no_reference
  16S-PRK341F-PRK806R product 17: no_reference
  16S-PRK341F-PRK806R product 18: no_reference
  16S-515F-806R product 0: no_reference
  16S-515F-806RB product 0: no_reference
  16S-68F-783Rabc product 0: no_reference
  16S-68F-783Rabc product 1: no_reference
  16S-341F-783Rabc product 0: no_reference
  16S-341F-783Rabc product 1: no_reference
  16S-341F-783Rabc product 2: no_reference
  16S-341F-783Rabc product 3: no_reference
  16S-341F-783Rabc product 4: no_reference
  16S-341F-783Rabc product 5: no_reference
  16S-341F-783Rabc product 6: no_reference
  16S-341F-783Rabc product 7: no_reference
  16S-341F-785R product 0: no_reference
  16S-341F-785R product 1: no_reference
  16S-341F-785R product 2: no_reference
  16S-341F-785R product 3: no_reference
  16S-341F-785R product 4: no_reference
  16S-PRK341F-PRK806R product 0: no_reference
  16S-PRK341F-PRK806R product 1: no_reference
  16S-PRK341F-PRK806R product 2: no_reference
  16S-PRK341F-PRK806R product 3: no_reference
  16S-PRK341F-PRK806R product 4: no_reference
  16S-PRK341F-PRK806R product 5: no_reference
  16S-PRK341F-PRK806R product 6: no_reference
  16S-PRK341F-PRK806R product 7: no_reference
  16S-PRK341F-PRK806R product 8: no_reference
  16S-PRK341F-PRK806R product 9: no_reference
  16S-PRK341F-PRK806R product 10: no_reference
  16S-PRK341F-PRK806R product 11: no_reference
  16S-PRK341F-PRK806R product 12: no_reference
  16S-PRK341F-PRK806R product 13: no_reference
  16S-PRK341F-PRK806R product 14: no_reference
  16S-PRK341F-PRK806R product 15: no_reference
  16S-PRK341F-PRK806R product 16: no_reference
  16S-PRK341F-PRK806R product 17: no_reference
  16S-PRK341F-PRK806R product 18: no_reference
  16S-515F-806R product 0: no_reference
  16S-515F-806RB product 0: no_reference
  16S-68F-783Rabc product 0: no_reference
  16S-68F-783Rabc product 1: no_reference
  16S-341F-783Rabc product 0: no_reference
  16S-341F-783Rabc product 1: no_reference
  16S-341F-783Rabc product 2: no_reference
  16S-341F-783Rabc product 3: no_reference
  16S-341F-783Rabc product 4: no_reference
  16S-341F-783Rabc product 5: no_reference
  16S-341F-783Rabc product 6: no_reference
  16S-341F-783Rabc product 7: no_reference
  16S-341F-785R product 0: no_reference
  16S-341F-785R product 1: no_reference
  16S-341F-785R product 2: no_reference
  16S-341F-785R product 3: no_reference
  16S-341F-785R product 4: no_reference
  16S-PRK341F-PRK806R product 0: no_reference
  16S-PRK341F-PRK806R product 1: no_reference
  16S-PRK341F-PRK806R product 2: no_reference
  16S-PRK341F-PRK806R product 3: no_reference
  16S-PRK341F-PRK806R product 4: no_reference
  16S-PRK341F-PRK806R product 5: no_reference
  16S-PRK341F-PRK806R product 6: no_reference
  16S-PRK341F-PRK806R product 7: no_reference
  16S-PRK341F-PRK806R product 8: no_reference
  16S-PRK341F-PRK806R product 9: no_reference
  16S-PRK341F-PRK806R product 10: no_reference
  16S-PRK341F-PRK806R product 11: no_reference
  16S-PRK341F-PRK806R product 12: no_reference
  16S-PRK341F-PRK806R product 13: no_reference
  16S-PRK341F-PRK806R product 14: no_reference
  16S-PRK341F-PRK806R product 15: no_reference
  16S-PRK341F-PRK806R product 16: no_reference
  16S-PRK341F-PRK806R product 17: no_reference
  16S-PRK341F-PRK806R product 18: no_reference
  16S-515F-806R product 0: no_reference
  16S-515F-806RB product 0: no_reference
  16S-68F-783Rabc product 0: no_reference
  16S-68F-783Rabc product 1: no_reference
  16S-341F-783Rabc product 0: no_reference
  16S-341F-783Rabc product 1: no_reference
  16S-341F-783Rabc product 2: no_reference
  16S-341F-783Rabc product 3: no_reference
  16S-341F-783Rabc product 4: no_reference
  16S-341F-783Rabc product 5: no_reference
  16S-341F-783Rabc product 6: no_reference
  16S-341F-783Rabc product 7: no_reference
  12S product 0: no_significant_hit
  CO1_1 product 0: insufficient_alignment
  CO2_1 product 0: confirmed_product
  CytB product 0: confirmed_product
  ND1 product 0: no_significant_hit
  ND4 product 0: no_significant_hit
  ND5 product 0: confirmed_product
  CO1_2 product 0: confirmed_product
  12S product 0: no_significant_hit
  16S_1 product 0: ambiguous_gene
  CO1_1 product 0: insufficient_alignment
  CO1_1 product 1: insufficient_alignment
  CO1_1 product 2: insufficient_alignment
  CO1_1 product 3: insufficient_alignment
  CO2_1 product 0: no_significant_hit
  CytB product 0: confirmed_product
  ND1 product 0: no_significant_hit
  ND4 product 0: confirmed_product
  ND5 product 0: insufficient_alignment
  16S_2 product 0: confirmed_product
  CO1_2 product 0: insufficient_alignment
  CO2_2 product 0: no_significant_hit
  NADH product 0: confirmed_product
  Gpdh product 0: no_reference
  Gpdh product 1: no_reference
  Gpdh product 2: no_reference
  Gpdh product 3: no_reference
  Gpdh product 4: no_reference
  Gpdh product 5: no_reference
  28S product 0: confirmed_product
  18S_2 product 0: insufficient_alignment
  ITS_2 product 0: confirmed_product
  16S product 0: confirmed_product
  CO1 product 0: confirmed_product
  18S product 0: confirmed_product
  28S_1 product 0: split_or_chimeric_alignment
  ITS_1 product 0: confirmed_product
  ITS_2 product 0: confirmed_product
  28S_2 product 0: ambiguous_gene
  16S product 0: confirmed_product
  CO1 product 0: confirmed_product
  18S product 0: confirmed_product
  28S_1 product 0: split_or_chimeric_alignment
  ITS_2 product 0: confirmed_product
  28S_2 product 0: ambiguous_gene
  12S product 0: no_significant_hit
  CO1_1 product 0: insufficient_alignment
  CO2_1 product 0: confirmed_product
  CytB product 0: confirmed_product
  ND1 product 0: no_significant_hit
  ND5 product 0: confirmed_product
  CO1_2 product 0: confirmed_product
  18S_1 product 0: insufficient_alignment
  18S_2 product 0: insufficient_alignment
  12S product 0: confirmed_gene_other_taxon
  CO1_1 product 0: insufficient_alignment
  CO2_1 product 0: wrong_gene
  CytB product 0: insufficient_alignment
  ND1 product 0: confirmed_gene_other_taxon
  ND4 product 0: confirmed_gene_other_taxon
  ND5 product 0: no_significant_hit
  16S_2 product 0: no_significant_hit
  16S_2 product 1: no_significant_hit
  16S_2 product 2: no_significant_hit
  16S_2 product 3: no_significant_hit
  16S_2 product 4: no_significant_hit
  16S_2 product 5: no_significant_hit
  16S_2 product 6: no_significant_hit
  16S_2 product 7: no_significant_hit
  16S_2 product 8: no_significant_hit
  CO1_2 product 0: confirmed_product
  CO2_2 product 0: confirmed_product
  NADH product 0: no_significant_hit
  NADH product 1: no_significant_hit
  NADH product 2: no_significant_hit
  NADH product 3: no_significant_hit
  NADH product 4: no_significant_hit
  NADH product 5: no_significant_hit
  NADH product 6: no_significant_hit
  NADH product 7: no_significant_hit
  NADH product 8: no_significant_hit
  NADH product 9: no_significant_hit
  NADH product 10: no_significant_hit
  NADH product 11: no_significant_hit
  NADH product 12: no_significant_hit
  Fz4 product 0: no_reference
  Fz4 product 1: no_reference
  Fz4 product 2: no_reference
  Fz4 product 3: no_reference
  Fz4 product 4: no_reference
  Fz4 product 5: no_reference
  Fz4 product 6: no_reference
  Fz4 product 7: no_reference
  Fz4 product 8: no_reference
  Fz4 product 9: no_reference
  Fz4 product 10: no_reference
  Fz4 product 11: no_reference
  Fz4 product 12: no_reference
  Yp2 product 0: no_significant_hit
  18S_1 product 0: ambiguous_gene
  18S_2 product 0: confirmed_product
  12S product 0: no_significant_hit
  CO1_1 product 0: insufficient_alignment
  CO2_1 product 0: confirmed_product
  CytB product 0: confirmed_product
  ND1 product 0: no_significant_hit
  ND5 product 0: confirmed_product
  CO1_2 product 0: confirmed_product
  Fz4 product 0: no_reference
  Fz4 product 1: no_reference
  Fz4 product 2: no_reference
  Fz4 product 3: no_reference
  Fz4 product 4: no_reference
  Fz4 product 5: no_reference
  Fz4 product 6: no_reference
