   Compiling proc-macro2 v1.0.106
   Compiling quote v1.0.45
   Compiling unicode-ident v1.0.24
   Compiling libc v0.2.183
   Compiling cfg-if v1.0.4
   Compiling autocfg v1.5.0
   Compiling libm v0.2.16
   Compiling stable_deref_trait v1.2.1
   Compiling zerocopy v0.8.47
   Compiling typenum v1.19.0
   Compiling version_check v0.9.5
   Compiling memchr v2.8.0
   Compiling serde_core v1.0.228
   Compiling utf8parse v0.2.2
   Compiling shlex v1.3.0
   Compiling find-msvc-tools v0.1.9
   Compiling litemap v0.8.1
   Compiling writeable v0.6.2
   Compiling cc v1.2.57
   Compiling serde v1.0.228
   Compiling icu_properties_data v2.1.2
   Compiling num-traits v0.2.19
   Compiling icu_normalizer_data v2.1.1
   Compiling matrixmultiply v0.3.10
   Compiling generic-array v0.14.7
   Compiling colorchoice v1.0.5
   Compiling once_cell v1.21.4
   Compiling rustversion v1.0.22
   Compiling zeroize v1.8.2
   Compiling is_terminal_polyfill v1.70.2
   Compiling aho-corasick v1.1.4
   Compiling bytemuck v1.25.0
   Compiling anstyle-query v1.1.5
   Compiling heck v0.5.0
   Compiling syn v1.0.109
   Compiling anstyle v1.0.14
   Compiling syn v2.0.117
   Compiling regex-syntax v0.8.10
   Compiling paste v1.0.15
   Compiling crossbeam-utils v0.8.21
   Compiling safe_arch v0.7.4
   Compiling getrandom v0.2.17
   Compiling rustls-pki-types v1.14.0
   Compiling rand_core v0.6.4
   Compiling ring v0.17.14
   Compiling semver v0.1.20
   Compiling rawpointer v0.2.1
   Compiling smallvec v1.15.1
   Compiling rustc_version v0.1.7
   Compiling wide v0.7.33
   Compiling num-complex v0.4.6
   Compiling num-integer v0.1.46
   Compiling approx v0.5.1
   Compiling regex-automata v0.4.14
   Compiling anstyle-parse v1.0.0
   Compiling untrusted v0.9.0
   Compiling log v0.4.29
   Compiling thiserror v1.0.69
   Compiling crc32fast v1.5.0
   Compiling hashbrown v0.16.1
   Compiling feature-probe v0.1.1
   Compiling equivalent v1.0.2
   Compiling bv v0.11.1
   Compiling anstream v1.0.0
   Compiling crossbeam-epoch v0.9.18
   Compiling simba v0.6.0
   Compiling indexmap v2.13.0
   Compiling num-rational v0.4.2
   Compiling synstructure v0.13.2
   Compiling ppv-lite86 v0.2.21
   Compiling newtype_derive v0.1.6
   Compiling portable-atomic v1.13.1
   Compiling either v1.15.0
   Compiling rand_chacha v0.3.1
   Compiling itoa v1.0.18
   Compiling rustix v1.1.4
   Compiling ryu v1.0.23
   Compiling rand v0.8.5
   Compiling rustls v0.23.37
   Compiling percent-encoding v2.3.2
   Compiling rayon-core v1.13.0
   Compiling regex v1.12.3
   Compiling simd-adler32 v0.3.8
   Compiling clap_lex v1.1.0
   Compiling lazy_static v1.5.0
   Compiling utf8_iter v1.0.4
   Compiling strsim v0.11.1
   Compiling rand_distr v0.4.3
   Compiling zerofrom-derive v0.1.6
   Compiling yoke-derive v0.8.1
   Compiling zerovec-derive v0.11.2
   Compiling displaydoc v0.2.5
   Compiling serde_derive v1.0.228
   Compiling nalgebra-macros v0.1.0
   Compiling thiserror-impl v1.0.69
   Compiling anyhow v1.0.102
   Compiling getrandom v0.4.2
   Compiling adler2 v2.0.1
   Compiling getrandom v0.3.4
   Compiling miniz_oxide v0.8.9
   Compiling zerofrom v0.1.6
   Compiling derive-new v0.6.0
   Compiling yoke v0.8.1
   Compiling strum_macros v0.26.4
   Compiling clap_derive v4.6.0
   Compiling zerovec v0.11.5
   Compiling zerotrie v0.2.3
   Compiling enum-map-derive v0.17.0
   Compiling nalgebra v0.29.0
   Compiling clap_builder v4.6.0
   Compiling tinystr v0.8.2
   Compiling potential_utf v0.1.4
   Compiling icu_locale_core v2.1.1
   Compiling icu_collections v2.1.1
   Compiling form_urlencoded v1.2.2
   Compiling crossbeam-deque v0.8.6
   Compiling crypto-common v0.1.7
   Compiling block-buffer v0.10.4
   Compiling webpki-roots v1.0.6
   Compiling icu_provider v2.1.1
   Compiling csv-core v0.1.13
   Compiling ahash v0.8.12
   Compiling anstyle-parse v0.2.7
   Compiling bitflags v2.11.0
   Compiling unicode-width v0.2.2
   Compiling icu_properties v2.1.2
   Compiling icu_normalizer v2.1.1
   Compiling linux-raw-sys v0.12.1
   Compiling option-ext v0.2.0
   Compiling fixedbitset v0.4.2
   Compiling heck v0.4.1
   Compiling bit-vec v0.6.3
   Compiling byteorder v1.5.0
   Compiling subtle v2.6.1
   Compiling bit-set v0.5.3
   Compiling strum_macros v0.25.3
   Compiling fxhash v0.2.1
   Compiling petgraph v0.6.5
   Compiling dirs-sys v0.5.0
   Compiling idna_adapter v1.2.1
   Compiling idna v1.1.0
   Compiling vec_map v0.8.2
   Compiling multimap v0.9.1
   Compiling url v2.5.8
   Compiling clap v4.6.0
   Compiling console v0.15.11
   Compiling anstream v0.6.21
   Compiling csv v1.4.0
   Compiling bio-types v1.0.4
   Compiling webpki-roots v0.26.11
   Compiling digest v0.10.7
   Compiling flate2 v1.1.9
   Compiling enum-map v2.7.3
   Compiling rustls-webpki v0.103.10
   Compiling env_filter v1.0.0
   Compiling itertools v0.11.0
   Compiling ndarray v0.15.6
   Compiling itertools-num v0.1.3
   Compiling ordered-float v3.9.2
   Compiling base64 v0.22.1
   Compiling jiff v0.2.23
   Compiling fastrand v2.3.0
   Compiling cpufeatures v0.2.17
   Compiling bytecount v0.6.9
   Compiling unsafe-libyaml v0.2.11
   Compiling custom_derive v0.1.7
   Compiling number_prefix v0.4.0
   Compiling editdistancek v1.0.2
   Compiling triple_accel v0.4.0
   Compiling strum v0.25.0
   Compiling indicatif v0.17.11
   Compiling tempfile v3.27.0
   Compiling serde_yaml_ng v0.10.0
   Compiling sha2 v0.10.9
   Compiling statrs v0.16.1
   Compiling rayon v1.11.0
   Compiling clap_complete v4.6.0
   Compiling dirs v6.0.0
   Compiling fs2 v0.4.3
   Compiling peak_alloc v0.3.0
   Compiling ureq v2.12.1
   Compiling env_logger v0.11.9
   Compiling bio v1.6.0
   Compiling sharkmer v3.2.0-dev (/tmp/sharkmer-high-copy-20260911/issue155-build/sources/candidate)
    Finished `release` profile [optimized] target(s) in 32.78s
