  12S product 0: no_significant_hit
  12S product 1: no_significant_hit
  12S product 2: no_significant_hit
  CO1_1 product 0: insufficient_alignment
  CO2_1 product 0: wrong_gene
  CytB product 0: insufficient_alignment
  ND4 product 0: confirmed_gene_other_taxon
  ND5 product 0: no_significant_hit
  16S_2 product 0: no_significant_hit
  CO1_2 product 0: confirmed_product
  CO2_2 product 0: confirmed_product
  18S_1 product 0: ambiguous_gene
  18S_2 product 0: confirmed_product
  CO1_1 product 0: insufficient_alignment
  CO2_1 product 0: wrong_gene
  CytB product 0: insufficient_alignment
  ND4 product 0: confirmed_gene_other_taxon
  ND5 product 0: no_significant_hit
  CO1_2 product 0: confirmed_product
  CO2_2 product 0: confirmed_product
  18S_1 product 0: ambiguous_gene
  18S_2 product 0: confirmed_product
  CO1_1 product 0: confirmed_product
  CO2_1 product 0: confirmed_product
  CytB product 0: confirmed_product
  ND1 product 0: no_significant_hit
  ND5 product 0: confirmed_product
  CO1_2 product 0: confirmed_product
  CO1_1 product 0: confirmed_product
  CO2_1 product 0: confirmed_product
  CytB product 0: confirmed_product
  ND1 product 0: no_significant_hit
  ND1 product 1: no_significant_hit
  ND5 product 0: confirmed_product
  CO1_2 product 0: confirmed_product
  12S product 0: no_significant_hit
  16S_1 product 0: ambiguous_gene
  CO1_1 product 0: insufficient_alignment
  CO1_1 product 1: insufficient_alignment
  CO2_1 product 0: no_significant_hit
  CytB product 0: confirmed_product
  ND1 product 0: no_significant_hit
  ND4 product 0: confirmed_product
  ND5 product 0: insufficient_alignment
  16S_2 product 0: confirmed_product
  CO1_2 product 0: insufficient_alignment
  NADH product 0: confirmed_product
  Yp2 product 0: no_significant_hit
  Yp2 product 1: no_significant_hit
  Yp2 product 2: no_significant_hit
  Yp2 product 3: no_significant_hit
  Yp2 product 4: no_significant_hit
  Yp2 product 5: no_significant_hit
  Yp2 product 6: no_significant_hit
  Yp2 product 7: no_significant_hit
  Yp2 product 8: no_significant_hit
  Yp2 product 9: no_significant_hit
  Yp2 product 10: no_significant_hit
  Yp2 product 11: no_significant_hit
  Yp2 product 12: no_significant_hit
  Yp2 product 13: no_significant_hit
  Yp2 product 14: no_significant_hit
  ITS_2 product 0: confirmed_product
  12S product 0: no_significant_hit
  16S_1 product 0: ambiguous_gene
  CO1_1 product 0: insufficient_alignment
  CO2_1 product 0: no_significant_hit
  CytB product 0: confirmed_product
  ND1 product 0: no_significant_hit
  ND4 product 0: confirmed_product
  ND5 product 0: insufficient_alignment
  16S_2 product 0: confirmed_product
  CO1_2 product 0: insufficient_alignment
  NADH product 0: confirmed_product
  CO1_1 product 0: insufficient_alignment
  CO2_1 product 0: wrong_gene
  CytB product 0: insufficient_alignment
  ND4 product 0: confirmed_gene_other_taxon
  ND5 product 0: no_significant_hit
  CO1_2 product 0: confirmed_product
  CO2_2 product 0: confirmed_product
  18S_1 product 0: ambiguous_gene
  18S_2 product 0: confirmed_product
  12S product 0: no_significant_hit
  12S product 1: no_significant_hit
  12S product 2: no_significant_hit
  CO1_1 product 0: insufficient_alignment
  CO2_1 product 0: wrong_gene
  CytB product 0: insufficient_alignment
  ND4 product 0: confirmed_gene_other_taxon
  ND5 product 0: no_significant_hit
  16S_2 product 0: no_significant_hit
  CO1_2 product 0: confirmed_product
  CO2_2 product 0: confirmed_product
  18S_1 product 0: ambiguous_gene
  18S_2 product 0: confirmed_product
  CO1_1 product 0: confirmed_product
  CO2_1 product 0: confirmed_product
  CytB product 0: confirmed_product
  ND1 product 0: no_significant_hit
  ND1 product 1: no_significant_hit
  ND5 product 0: confirmed_product
  CO1_2 product 0: confirmed_product
  CO1_1 product 0: confirmed_product
  CO2_1 product 0: confirmed_product
  CytB product 0: confirmed_product
  ND1 product 0: no_significant_hit
  ND5 product 0: confirmed_product
  CO1_2 product 0: confirmed_product
  12S product 0: no_significant_hit
  16S_1 product 0: ambiguous_gene
  CO1_1 product 0: insufficient_alignment
  CO2_1 product 0: no_significant_hit
  CytB product 0: confirmed_product
  ND1 product 0: no_significant_hit
  ND4 product 0: confirmed_product
  ND5 product 0: insufficient_alignment
  16S_2 product 0: confirmed_product
  CO1_2 product 0: insufficient_alignment
  NADH product 0: confirmed_product
  12S product 0: no_significant_hit
  16S_1 product 0: ambiguous_gene
  CO1_1 product 0: insufficient_alignment
  CO1_1 product 1: insufficient_alignment
  CO2_1 product 0: no_significant_hit
  CytB product 0: confirmed_product
  ND1 product 0: no_significant_hit
  ND4 product 0: confirmed_product
  ND5 product 0: insufficient_alignment
  16S_2 product 0: confirmed_product
  CO1_2 product 0: insufficient_alignment
  NADH product 0: confirmed_product
  Yp2 product 0: no_significant_hit
  Yp2 product 1: no_significant_hit
  Yp2 product 2: no_significant_hit
  Yp2 product 3: no_significant_hit
  Yp2 product 4: no_significant_hit
  Yp2 product 5: no_significant_hit
  Yp2 product 6: no_significant_hit
  Yp2 product 7: no_significant_hit
  Yp2 product 8: no_significant_hit
  Yp2 product 9: no_significant_hit
  Yp2 product 10: no_significant_hit
  Yp2 product 11: no_significant_hit
  Yp2 product 12: no_significant_hit
  Yp2 product 13: no_significant_hit
  Yp2 product 14: no_significant_hit
  ITS_2 product 0: confirmed_product
  12S product 0: no_significant_hit
  12S product 1: no_significant_hit
  12S product 2: no_significant_hit
  CO1_1 product 0: insufficient_alignment
  CO2_1 product 0: wrong_gene
  CytB product 0: insufficient_alignment
  ND4 product 0: confirmed_gene_other_taxon
  ND5 product 0: no_significant_hit
  16S_2 product 0: no_significant_hit
  CO1_2 product 0: confirmed_product
  CO2_2 product 0: confirmed_product
  18S_1 product 0: ambiguous_gene
  18S_2 product 0: confirmed_product
  CO1_1 product 0: insufficient_alignment
  CO2_1 product 0: wrong_gene
  CytB product 0: insufficient_alignment
  ND4 product 0: confirmed_gene_other_taxon
  ND5 product 0: no_significant_hit
  CO1_2 product 0: confirmed_product
  CO2_2 product 0: confirmed_product
  18S_1 product 0: ambiguous_gene
  18S_2 product 0: confirmed_product
  CO1_1 product 0: confirmed_product
  CO2_1 product 0: confirmed_product
  CytB product 0: confirmed_product
  ND1 product 0: no_significant_hit
  ND5 product 0: confirmed_product
  CO1_2 product 0: confirmed_product
  CO1_1 product 0: confirmed_product
  CO2_1 product 0: confirmed_product
  CytB product 0: confirmed_product
  ND1 product 0: no_significant_hit
  ND1 product 1: no_significant_hit
  ND5 product 0: confirmed_product
  CO1_2 product 0: confirmed_product
  12S product 0: no_significant_hit
  16S_1 product 0: ambiguous_gene
  CO1_1 product 0: insufficient_alignment
  CO1_1 product 1: insufficient_alignment
  CO2_1 product 0: no_significant_hit
  CytB product 0: confirmed_product
  ND1 product 0: no_significant_hit
  ND4 product 0: confirmed_product
  ND5 product 0: insufficient_alignment
  16S_2 product 0: confirmed_product
  CO1_2 product 0: insufficient_alignment
  NADH product 0: confirmed_product
  Yp2 product 0: no_significant_hit
  Yp2 product 1: no_significant_hit
  Yp2 product 2: no_significant_hit
  Yp2 product 3: no_significant_hit
  Yp2 product 4: no_significant_hit
  Yp2 product 5: no_significant_hit
  Yp2 product 6: no_significant_hit
  Yp2 product 7: no_significant_hit
  Yp2 product 8: no_significant_hit
  Yp2 product 9: no_significant_hit
  Yp2 product 10: no_significant_hit
  Yp2 product 11: no_significant_hit
  Yp2 product 12: no_significant_hit
  Yp2 product 13: no_significant_hit
  Yp2 product 14: no_significant_hit
  ITS_2 product 0: confirmed_product
  12S product 0: no_significant_hit
  16S_1 product 0: ambiguous_gene
  CO1_1 product 0: insufficient_alignment
  CO2_1 product 0: no_significant_hit
  CytB product 0: confirmed_product
  ND1 product 0: no_significant_hit
  ND4 product 0: confirmed_product
  ND5 product 0: insufficient_alignment
  16S_2 product 0: confirmed_product
  CO1_2 product 0: insufficient_alignment
  NADH product 0: confirmed_product
  CO1_1 product 0: insufficient_alignment
  CO2_1 product 0: confirmed_product
  CytB product 0: insufficient_alignment
  ND1 product 0: confirmed_gene_other_taxon
  ND5 product 0: no_significant_hit
  CO1_2 product 0: confirmed_product
  CO2_2 product 0: confirmed_product
  18S_1 product 0: ambiguous_gene
  18S_2 product 0: confirmed_product
  CO1_1 product 0: insufficient_alignment
  CO2_1 product 0: confirmed_product
  CytB product 0: insufficient_alignment
  ND1 product 0: confirmed_gene_other_taxon
  ND5 product 0: no_significant_hit
  CO1_2 product 0: confirmed_product
  CO2_2 product 0: confirmed_product
  18S_1 product 0: ambiguous_gene
  18S_2 product 0: confirmed_product
  12S product 0: no_significant_hit
  CO1_1 product 0: confirmed_product
  CO2_1 product 0: confirmed_product
  CytB product 0: confirmed_product
  ND1 product 0: no_significant_hit
  ND5 product 0: confirmed_product
  CO1_2 product 0: confirmed_product
  18S_1 product 0: insufficient_alignment
  CO1_1 product 0: confirmed_product
  CO2_1 product 0: confirmed_product
  CytB product 0: confirmed_product
  ND1 product 0: no_significant_hit
  ND5 product 0: confirmed_product
  CO1_2 product 0: confirmed_product
  18S_1 product 0: insufficient_alignment
  12S product 0: no_significant_hit
  16S_1 product 0: ambiguous_gene
  CO1_1 product 0: insufficient_alignment
  CO2_1 product 0: no_significant_hit
  CytB product 0: confirmed_product
  ND1 product 0: no_significant_hit
  ND4 product 0: confirmed_product
  ND5 product 0: insufficient_alignment
  16S_2 product 0: confirmed_product
  CO1_2 product 0: insufficient_alignment
  NADH product 0: confirmed_product
  12S product 0: no_significant_hit
  16S_1 product 0: ambiguous_gene
  CO1_1 product 0: insufficient_alignment
  CO2_1 product 0: no_significant_hit
  CytB product 0: confirmed_product
  ND1 product 0: no_significant_hit
  ND4 product 0: confirmed_product
  ND5 product 0: insufficient_alignment
  16S_2 product 0: confirmed_product
  CO1_2 product 0: insufficient_alignment
  NADH product 0: confirmed_product
  28S product 0: no_significant_hit
  28S product 1: no_significant_hit
  28S product 2: no_significant_hit
  28S product 3: no_significant_hit
  28S product 4: no_significant_hit
  28S product 5: no_significant_hit
  CO1_1 product 0: insufficient_alignment
  CO2_1 product 0: confirmed_product
  CytB product 0: insufficient_alignment
  ND1 product 0: confirmed_gene_other_taxon
  ND5 product 0: no_significant_hit
  CO1_2 product 0: confirmed_product
  CO2_2 product 0: confirmed_product
  18S_1 product 0: ambiguous_gene
  18S_2 product 0: confirmed_product
  CO1_1 product 0: insufficient_alignment
  CO2_1 product 0: confirmed_product
  CytB product 0: insufficient_alignment
  ND1 product 0: confirmed_gene_other_taxon
  ND5 product 0: no_significant_hit
  CO1_2 product 0: confirmed_product
  CO2_2 product 0: confirmed_product
  18S_1 product 0: ambiguous_gene
  18S_2 product 0: confirmed_product
  CO1_1 product 0: confirmed_product
  CO2_1 product 0: confirmed_product
  CytB product 0: confirmed_product
  ND1 product 0: no_significant_hit
  ND5 product 0: confirmed_product
  CO1_2 product 0: confirmed_product
  18S_1 product 0: insufficient_alignment
  12S product 0: no_significant_hit
  CO1_1 product 0: confirmed_product
  CO2_1 product 0: confirmed_product
  CytB product 0: confirmed_product
  ND1 product 0: no_significant_hit
  ND5 product 0: confirmed_product
  CO1_2 product 0: confirmed_product
  18S_1 product 0: insufficient_alignment
  12S product 0: no_significant_hit
  16S_1 product 0: ambiguous_gene
  CO1_1 product 0: insufficient_alignment
  CO2_1 product 0: no_significant_hit
  CytB product 0: confirmed_product
  ND1 product 0: no_significant_hit
  ND4 product 0: confirmed_product
  ND5 product 0: insufficient_alignment
  16S_2 product 0: confirmed_product
  CO1_2 product 0: insufficient_alignment
  NADH product 0: confirmed_product
  28S product 0: no_significant_hit
  28S product 1: no_significant_hit
  28S product 2: no_significant_hit
  28S product 3: no_significant_hit
  28S product 4: no_significant_hit
  28S product 5: no_significant_hit
  12S product 0: no_significant_hit
  16S_1 product 0: ambiguous_gene
  CO1_1 product 0: insufficient_alignment
  CO2_1 product 0: no_significant_hit
  CytB product 0: confirmed_product
  ND1 product 0: no_significant_hit
  ND4 product 0: confirmed_product
  ND5 product 0: insufficient_alignment
  16S_2 product 0: confirmed_product
  CO1_2 product 0: insufficient_alignment
  NADH product 0: confirmed_product
  CO1_1 product 0: insufficient_alignment
  CO2_1 product 0: confirmed_product
  CytB product 0: insufficient_alignment
  ND1 product 0: confirmed_gene_other_taxon
  ND5 product 0: no_significant_hit
  CO1_2 product 0: confirmed_product
  CO2_2 product 0: confirmed_product
  18S_1 product 0: ambiguous_gene
  18S_2 product 0: confirmed_product
  CO1_1 product 0: insufficient_alignment
  CO2_1 product 0: confirmed_product
  CytB product 0: insufficient_alignment
  ND1 product 0: confirmed_gene_other_taxon
  ND5 product 0: no_significant_hit
  CO1_2 product 0: confirmed_product
  CO2_2 product 0: confirmed_product
  18S_1 product 0: ambiguous_gene
  18S_2 product 0: confirmed_product
  12S product 0: no_significant_hit
  CO1_1 product 0: confirmed_product
  CO2_1 product 0: confirmed_product
  CytB product 0: confirmed_product
  ND1 product 0: no_significant_hit
  ND5 product 0: confirmed_product
  CO1_2 product 0: confirmed_product
  18S_1 product 0: insufficient_alignment
  CO1_1 product 0: confirmed_product
  CO2_1 product 0: confirmed_product
  CytB product 0: confirmed_product
  ND1 product 0: no_significant_hit
  ND5 product 0: confirmed_product
  CO1_2 product 0: confirmed_product
  18S_1 product 0: insufficient_alignment
  12S product 0: no_significant_hit
  16S_1 product 0: ambiguous_gene
  CO1_1 product 0: insufficient_alignment
  CO2_1 product 0: no_significant_hit
  CytB product 0: confirmed_product
  ND1 product 0: no_significant_hit
  ND4 product 0: confirmed_product
  ND5 product 0: insufficient_alignment
  16S_2 product 0: confirmed_product
  CO1_2 product 0: insufficient_alignment
  NADH product 0: confirmed_product
  12S product 0: no_significant_hit
  16S_1 product 0: ambiguous_gene
  CO1_1 product 0: insufficient_alignment
  CO2_1 product 0: no_significant_hit
  CytB product 0: confirmed_product
  ND1 product 0: no_significant_hit
  ND4 product 0: confirmed_product
  ND5 product 0: insufficient_alignment
  16S_2 product 0: confirmed_product
  CO1_2 product 0: insufficient_alignment
  NADH product 0: confirmed_product
  28S product 0: no_significant_hit
  28S product 1: no_significant_hit
  28S product 2: no_significant_hit
  28S product 3: no_significant_hit
  28S product 4: no_significant_hit
  28S product 5: no_significant_hit
  CO1_1 product 0: insufficient_alignment
  CO2_1 product 0: confirmed_product
  CytB product 0: insufficient_alignment
  ND1 product 0: confirmed_gene_other_taxon
  ND5 product 0: no_significant_hit
  CO1_2 product 0: confirmed_product
  CO2_2 product 0: confirmed_product
  18S_1 product 0: ambiguous_gene
  18S_2 product 0: confirmed_product
  CO1_1 product 0: insufficient_alignment
  CO2_1 product 0: confirmed_product
  CytB product 0: insufficient_alignment
  ND1 product 0: confirmed_gene_other_taxon
  ND5 product 0: no_significant_hit
  CO1_2 product 0: confirmed_product
  CO2_2 product 0: confirmed_product
  18S_1 product 0: ambiguous_gene
  18S_2 product 0: confirmed_product
  12S product 0: no_significant_hit
  CO1_1 product 0: confirmed_product
  CO2_1 product 0: confirmed_product
  CytB product 0: confirmed_product
  ND1 product 0: no_significant_hit
  ND5 product 0: confirmed_product
  CO1_2 product 0: confirmed_product
  12S product 0: no_significant_hit
  CO1_1 product 0: confirmed_product
  CO2_1 product 0: confirmed_product
  CytB product 0: confirmed_product
  ND1 product 0: no_significant_hit
  ND5 product 0: confirmed_product
  CO1_2 product 0: confirmed_product
  12S product 0: no_significant_hit
  16S_1 product 0: ambiguous_gene
  CO1_1 product 0: insufficient_alignment
  CO2_1 product 0: no_significant_hit
  CytB product 0: confirmed_product
  ND1 product 0: no_significant_hit
  ND4 product 0: confirmed_product
  ND5 product 0: insufficient_alignment
  16S_2 product 0: confirmed_product
  CO1_2 product 0: insufficient_alignment
  NADH product 0: confirmed_product
  28S product 0: confirmed_product
  12S product 0: no_significant_hit
  16S_1 product 0: ambiguous_gene
  CO1_1 product 0: insufficient_alignment
  CO2_1 product 0: no_significant_hit
  CytB product 0: confirmed_product
  ND1 product 0: no_significant_hit
  ND4 product 0: confirmed_product
  ND5 product 0: insufficient_alignment
  16S_2 product 0: confirmed_product
  CO1_2 product 0: insufficient_alignment
  NADH product 0: confirmed_product
  28S product 0: confirmed_product
  CO1_1 product 0: insufficient_alignment
  CO2_1 product 0: confirmed_product
  CytB product 0: insufficient_alignment
  ND1 product 0: confirmed_gene_other_taxon
  ND5 product 0: no_significant_hit
  CO1_2 product 0: confirmed_product
  CO2_2 product 0: confirmed_product
  18S_1 product 0: ambiguous_gene
  18S_2 product 0: confirmed_product
  CO1_1 product 0: insufficient_alignment
  CO2_1 product 0: confirmed_product
  CytB product 0: insufficient_alignment
  ND1 product 0: confirmed_gene_other_taxon
  ND5 product 0: no_significant_hit
  CO1_2 product 0: confirmed_product
  CO2_2 product 0: confirmed_product
  18S_1 product 0: ambiguous_gene
  18S_2 product 0: confirmed_product
  12S product 0: no_significant_hit
  CO1_1 product 0: confirmed_product
  CO2_1 product 0: confirmed_product
  CytB product 0: confirmed_product
  ND1 product 0: no_significant_hit
  ND5 product 0: confirmed_product
  CO1_2 product 0: confirmed_product
  12S product 0: no_significant_hit
  CO1_1 product 0: confirmed_product
  CO2_1 product 0: confirmed_product
  CytB product 0: confirmed_product
  ND1 product 0: no_significant_hit
  ND5 product 0: confirmed_product
  CO1_2 product 0: confirmed_product
  12S product 0: no_significant_hit
  16S_1 product 0: ambiguous_gene
  CO1_1 product 0: insufficient_alignment
  CO2_1 product 0: no_significant_hit
  CytB product 0: confirmed_product
  ND1 product 0: no_significant_hit
  ND4 product 0: confirmed_product
  ND5 product 0: insufficient_alignment
  16S_2 product 0: confirmed_product
  CO1_2 product 0: insufficient_alignment
  NADH product 0: confirmed_product
  28S product 0: confirmed_product
  12S product 0: no_significant_hit
  16S_1 product 0: ambiguous_gene
  CO1_1 product 0: insufficient_alignment
  CO2_1 product 0: no_significant_hit
  CytB product 0: confirmed_product
  ND1 product 0: no_significant_hit
  ND4 product 0: confirmed_product
  ND5 product 0: insufficient_alignment
  16S_2 product 0: confirmed_product
  CO1_2 product 0: insufficient_alignment
  NADH product 0: confirmed_product
  28S product 0: confirmed_product
  CO1_1 product 0: insufficient_alignment
  CO2_1 product 0: confirmed_product
  CytB product 0: insufficient_alignment
  ND1 product 0: confirmed_gene_other_taxon
  ND5 product 0: no_significant_hit
  CO1_2 product 0: confirmed_product
  CO2_2 product 0: confirmed_product
  18S_1 product 0: ambiguous_gene
  18S_2 product 0: confirmed_product
  CO1_1 product 0: insufficient_alignment
  CO2_1 product 0: confirmed_product
  CytB product 0: insufficient_alignment
  ND1 product 0: confirmed_gene_other_taxon
  ND5 product 0: no_significant_hit
  CO1_2 product 0: confirmed_product
  CO2_2 product 0: confirmed_product
  18S_1 product 0: ambiguous_gene
  18S_2 product 0: confirmed_product
  12S product 0: no_significant_hit
  CO1_1 product 0: confirmed_product
  CO2_1 product 0: confirmed_product
  CytB product 0: confirmed_product
  ND1 product 0: no_significant_hit
  ND5 product 0: confirmed_product
  CO1_2 product 0: confirmed_product
  12S product 0: no_significant_hit
  CO1_1 product 0: confirmed_product
  CO2_1 product 0: confirmed_product
  CytB product 0: confirmed_product
  ND1 product 0: no_significant_hit
  ND5 product 0: confirmed_product
  CO1_2 product 0: confirmed_product
  12S product 0: no_significant_hit
  16S_1 product 0: ambiguous_gene
  CO1_1 product 0: insufficient_alignment
  CO2_1 product 0: no_significant_hit
  CytB product 0: confirmed_product
  ND1 product 0: no_significant_hit
  ND4 product 0: confirmed_product
  ND5 product 0: insufficient_alignment
  16S_2 product 0: confirmed_product
  CO1_2 product 0: insufficient_alignment
  NADH product 0: confirmed_product
  28S product 0: confirmed_product
  12S product 0: no_significant_hit
  16S_1 product 0: ambiguous_gene
  CO1_1 product 0: insufficient_alignment
  CO2_1 product 0: no_significant_hit
  CytB product 0: confirmed_product
  ND1 product 0: no_significant_hit
  ND4 product 0: confirmed_product
  ND5 product 0: insufficient_alignment
  16S_2 product 0: confirmed_product
  CO1_2 product 0: insufficient_alignment
  NADH product 0: confirmed_product
  28S product 0: confirmed_product
  CO1_1 product 0: insufficient_alignment
  CO2_1 product 0: confirmed_product
  CytB product 0: insufficient_alignment
  ND1 product 0: confirmed_gene_other_taxon
  ND5 product 0: no_significant_hit
  CO1_2 product 0: confirmed_product
  CO2_2 product 0: confirmed_product
  18S_1 product 0: ambiguous_gene
  18S_2 product 0: confirmed_product
  CO1_1 product 0: insufficient_alignment
  CO2_1 product 0: confirmed_product
  CytB product 0: insufficient_alignment
  ND1 product 0: confirmed_gene_other_taxon
  ND5 product 0: no_significant_hit
  CO1_2 product 0: confirmed_product
  CO2_2 product 0: confirmed_product
  18S_1 product 0: ambiguous_gene
  18S_2 product 0: confirmed_product
  12S product 0: no_significant_hit
  CO1_1 product 0: confirmed_product
  CO2_1 product 0: confirmed_product
  CytB product 0: confirmed_product
  ND1 product 0: no_significant_hit
  ND5 product 0: confirmed_product
  CO1_2 product 0: confirmed_product
  12S product 0: no_significant_hit
  CO1_1 product 0: confirmed_product
  CO2_1 product 0: confirmed_product
  CytB product 0: confirmed_product
  ND1 product 0: no_significant_hit
  ND5 product 0: confirmed_product
  CO1_2 product 0: confirmed_product
  12S product 0: no_significant_hit
  16S_1 product 0: ambiguous_gene
  CO1_1 product 0: insufficient_alignment
  CO2_1 product 0: no_significant_hit
  CytB product 0: confirmed_product
  ND1 product 0: no_significant_hit
  ND4 product 0: confirmed_product
  ND5 product 0: insufficient_alignment
  16S_2 product 0: confirmed_product
  CO1_2 product 0: insufficient_alignment
  NADH product 0: confirmed_product
  18S_1 product 0: insufficient_alignment
  28S product 0: confirmed_product
  18S_2 product 0: insufficient_alignment
  12S product 0: no_significant_hit
  16S_1 product 0: ambiguous_gene
  CO1_1 product 0: insufficient_alignment
  CO2_1 product 0: no_significant_hit
  CytB product 0: confirmed_product
  ND1 product 0: no_significant_hit
  ND4 product 0: confirmed_product
  ND5 product 0: insufficient_alignment
  16S_2 product 0: confirmed_product
  CO1_2 product 0: insufficient_alignment
  NADH product 0: confirmed_product
  18S_1 product 0: insufficient_alignment
  18S_1 product 1: no_significant_hit
  18S_1 product 2: no_significant_hit
  18S_1 product 3: no_significant_hit
  18S_1 product 4: no_significant_hit
  18S_1 product 5: no_significant_hit
  18S_1 product 6: no_significant_hit
  18S_1 product 7: no_significant_hit
  28S product 0: confirmed_product
  18S_2 product 0: insufficient_alignment
  CO1_1 product 0: insufficient_alignment
  CO2_1 product 0: confirmed_product
  CytB product 0: insufficient_alignment
  ND1 product 0: confirmed_gene_other_taxon
  ND5 product 0: no_significant_hit
  CO1_2 product 0: confirmed_product
  CO2_2 product 0: confirmed_product
  18S_1 product 0: ambiguous_gene
  18S_2 product 0: confirmed_product
  CO1_1 product 0: insufficient_alignment
  CO2_1 product 0: confirmed_product
  CytB product 0: insufficient_alignment
  ND1 product 0: confirmed_gene_other_taxon
  ND5 product 0: no_significant_hit
  CO1_2 product 0: confirmed_product
  CO2_2 product 0: confirmed_product
  18S_1 product 0: ambiguous_gene
  18S_2 product 0: confirmed_product
  12S product 0: no_significant_hit
  CO1_1 product 0: confirmed_product
  CO2_1 product 0: confirmed_product
  CytB product 0: confirmed_product
  ND1 product 0: no_significant_hit
  ND5 product 0: confirmed_product
  CO1_2 product 0: confirmed_product
  12S product 0: no_significant_hit
  CO1_1 product 0: confirmed_product
  CO2_1 product 0: confirmed_product
  CytB product 0: confirmed_product
  ND1 product 0: no_significant_hit
  ND5 product 0: confirmed_product
  CO1_2 product 0: confirmed_product
  12S product 0: no_significant_hit
  16S_1 product 0: ambiguous_gene
  CO1_1 product 0: insufficient_alignment
  CO2_1 product 0: no_significant_hit
  CytB product 0: confirmed_product
  ND1 product 0: no_significant_hit
  ND4 product 0: confirmed_product
  ND5 product 0: insufficient_alignment
  16S_2 product 0: confirmed_product
  CO1_2 product 0: insufficient_alignment
  NADH product 0: confirmed_product
  18S_1 product 0: insufficient_alignment
  18S_1 product 1: no_significant_hit
  18S_1 product 2: no_significant_hit
  18S_1 product 3: no_significant_hit
  18S_1 product 4: no_significant_hit
  18S_1 product 5: no_significant_hit
  18S_1 product 6: no_significant_hit
  18S_1 product 7: no_significant_hit
  28S product 0: confirmed_product
  18S_2 product 0: insufficient_alignment
  12S product 0: no_significant_hit
  16S_1 product 0: ambiguous_gene
  CO1_1 product 0: insufficient_alignment
  CO2_1 product 0: no_significant_hit
  CytB product 0: confirmed_product
  ND1 product 0: no_significant_hit
  ND4 product 0: confirmed_product
  ND5 product 0: insufficient_alignment
  16S_2 product 0: confirmed_product
  CO1_2 product 0: insufficient_alignment
  NADH product 0: confirmed_product
  18S_1 product 0: insufficient_alignment
  28S product 0: confirmed_product
  18S_2 product 0: insufficient_alignment
  CO1_1 product 0: insufficient_alignment
  CO2_1 product 0: confirmed_product
  CytB product 0: insufficient_alignment
  ND1 product 0: confirmed_gene_other_taxon
  ND5 product 0: no_significant_hit
  CO1_2 product 0: confirmed_product
  CO2_2 product 0: confirmed_product
  18S_1 product 0: ambiguous_gene
  18S_2 product 0: confirmed_product
  CO1_1 product 0: insufficient_alignment
  CO2_1 product 0: confirmed_product
  CytB product 0: insufficient_alignment
  ND1 product 0: confirmed_gene_other_taxon
  ND5 product 0: no_significant_hit
  CO1_2 product 0: confirmed_product
  CO2_2 product 0: confirmed_product
  18S_1 product 0: ambiguous_gene
  18S_2 product 0: confirmed_product
  12S product 0: no_significant_hit
  CO1_1 product 0: confirmed_product
  CO2_1 product 0: confirmed_product
  CytB product 0: confirmed_product
  ND1 product 0: no_significant_hit
  ND5 product 0: confirmed_product
  CO1_2 product 0: confirmed_product
  12S product 0: no_significant_hit
  CO1_1 product 0: confirmed_product
  CO2_1 product 0: confirmed_product
  CytB product 0: confirmed_product
  ND1 product 0: no_significant_hit
  ND5 product 0: confirmed_product
  CO1_2 product 0: confirmed_product
  12S product 0: no_significant_hit
  16S_1 product 0: ambiguous_gene
  CO1_1 product 0: insufficient_alignment
  CO2_1 product 0: no_significant_hit
  CytB product 0: confirmed_product
  ND1 product 0: no_significant_hit
  ND4 product 0: confirmed_product
  ND5 product 0: insufficient_alignment
  16S_2 product 0: confirmed_product
  CO1_2 product 0: insufficient_alignment
  NADH product 0: confirmed_product
  18S_1 product 0: insufficient_alignment
  28S product 0: confirmed_product
  18S_2 product 0: insufficient_alignment
  12S product 0: no_significant_hit
  16S_1 product 0: ambiguous_gene
  CO1_1 product 0: insufficient_alignment
  CO2_1 product 0: no_significant_hit
  CytB product 0: confirmed_product
  ND1 product 0: no_significant_hit
  ND4 product 0: confirmed_product
  ND5 product 0: insufficient_alignment
  16S_2 product 0: confirmed_product
  CO1_2 product 0: insufficient_alignment
  NADH product 0: confirmed_product
  18S_1 product 0: insufficient_alignment
  18S_1 product 1: no_significant_hit
  18S_1 product 2: no_significant_hit
  18S_1 product 3: no_significant_hit
  18S_1 product 4: no_significant_hit
  18S_1 product 5: no_significant_hit
  18S_1 product 6: no_significant_hit
  18S_1 product 7: no_significant_hit
  28S product 0: confirmed_product
  18S_2 product 0: insufficient_alignment
